2026-06-15 13:27:28 | INFO     | app.scraper.divar_scraper:scrape_property_detail:444 - [desc-debug] DIV.kt-base-row.kt-base-row--large.kt-description-row.kt-description-row--padded => 
2026-06-15 13:27:28 | INFO     | app.scraper.divar_scraper:scrape_property_detail:444 - [desc-debug] P.description-a64e0.kt-description-row__text.kt-description-row__text--primary => 
2026-06-15 13:27:28 | INFO     | app.scraper.divar_scraper:scrape_property_detail:444 - [desc-debug] DIV.kt-base-row.kt-base-row--large.kt-description-row.kt-description-row--padded => 
2026-06-15 13:27:28 | INFO     | app.scraper.divar_scraper:scrape_property_detail:444 - [desc-debug] P.description-a64e0.kt-description-row__text.kt-description-row__text--primary => 
2026-06-15 13:27:28 | INFO     | app.scraper.divar_scraper:scrape_property_detail:469 - Description extracted (817 chars)
2026-06-15 13:27:29 | DEBUG    | app.main:log_requests:142 - GET /api/scraper/otp-pending - 200 - 0.115s
2026-06-15 13:27:29 | DEBUG    | app.main:log_requests:142 - GET /api/scraper/jobs - 200 - 0.126s
2026-06-15 13:27:30 | INFO     | app.scraper.contact_extractor:get_phone_number:67 - Found visible contact button with selector: .post-actions__get-contact
2026-06-15 13:27:31 | INFO     | app.scraper.contact_extractor:get_phone_number:83 - Contact button clicked successfully
2026-06-15 13:27:33 | DEBUG    | app.main:log_requests:142 - GET /api/scraper/otp-pending - 200 - 0.088s
2026-06-15 13:27:34 | DEBUG    | app.main:log_requests:142 - GET /api/scraper/jobs - 200 - 0.093s
2026-06-15 13:27:36 | DEBUG    | app.main:log_requests:142 - GET /health - 200 - 0.001s
2026-06-15 13:27:37 | DEBUG    | app.main:log_requests:142 - GET /api/scraper/otp-pending - 200 - 0.084s
2026-06-15 13:27:39 | INFO     | app.scraper.contact_extractor:_handle_sms_otp_if_present:258 - No SMS-OTP modal detected, continuing normally
2026-06-15 13:27:39 | DEBUG    | app.main:log_requests:142 - GET /api/scraper/jobs - 200 - 0.365s
2026-06-15 13:27:40 | INFO     | app.scraper.contact_extractor:get_phone_number:146 - Phone number link found in page content
2026-06-15 13:27:40 | INFO     | app.scraper.contact_extractor:get_phone_number:186 - Found phone element with selector: a[href^="tel:"]
2026-06-15 13:27:40 | INFO     | app.scraper.contact_extractor:get_phone_number:193 - Raw phone text: 09147694590
2026-06-15 13:27:41 | DEBUG    | app.scraper.divar_scraper:download_images:1291 - Downloaded image: img_1.webp
2026-06-15 13:27:41 | DEBUG    | app.main:log_requests:142 - GET /api/scraper/otp-pending - 200 - 0.077s
2026-06-15 13:27:42 | DEBUG    | app.scraper.divar_scraper:download_images:1291 - Downloaded image: img_2.webp
2026-06-15 13:27:42 | DEBUG    | app.scraper.divar_scraper:download_images:1291 - Downloaded image: img_3.webp
2026-06-15 13:27:43 | ERROR    | app.scraper.divar_scraper:save_property:1377 - Failed to save property: (sqlalchemy.dialects.postgresql.asyncpg.Error) <class 'asyncpg.exceptions.InFailedSQLTransactionError'>: current transaction is aborted, commands ignored until end of transaction block
[SQL: SELECT properties.id, properties.tag_number, properties.divar_id, properties.title, properties.description, properties.price, properties.price_per_meter, properties.total_price, properties.rent_price, properties.deposit, properties.area, properties.land_area, properties.built_area, properties.rooms, properties.year_built, properties.floor, properties.total_floors, properties.has_elevator, properties.has_parking, properties.has_storage, properties.has_balcony, properties.has_images, properties.building_direction, properties.frontage, properties.unit_status, properties.document_type, properties.usage_type, properties.building_age, properties.city_id, properties.city_name, properties.district, properties.neighborhood, properties.address, properties.latitude, properties.longitude, properties.category_id, properties.category_name, properties.property_type, properties.listing_type, properties.phone_number, properties.seller_name, properties.advertiser_type, properties.url, properties.images, properties.thumbnail_url, properties.images_downloaded, properties.features, properties.amenities, properties.owner_phone, properties.is_active, properties.posted_at, properties.scraped_at, properties.updated_at, properties.created_at 
FROM properties 
WHERE properties.divar_id = $1::VARCHAR]
[parameters: ('gav4LPj-',)]
(Background on this error at: https://sqlalche.me/e/20/dbapi)
2026-06-15 13:27:44 | ERROR    | app.scraper.divar_scraper:property_exists:1310 - Failed to check property existence: (sqlalchemy.dialects.postgresql.asyncpg.ProgrammingError) <class 'asyncpg.exceptions.UndefinedColumnError'>: column properties.advertiser_type does not exist
[SQL: SELECT properties.id, properties.tag_number, properties.divar_id, properties.title, properties.description, properties.price, properties.price_per_meter, properties.total_price, properties.rent_price, properties.deposit, properties.area, properties.land_area, properties.built_area, properties.rooms, properties.year_built, properties.floor, properties.total_floors, properties.has_elevator, properties.has_parking, properties.has_storage, properties.has_balcony, properties.has_images, properties.building_direction, properties.frontage, properties.unit_status, properties.document_type, properties.usage_type, properties.building_age, properties.city_id, properties.city_name, properties.district, properties.neighborhood, properties.address, properties.latitude, properties.longitude, properties.category_id, properties.category_name, properties.property_type, properties.listing_type, properties.phone_number, properties.seller_name, properties.advertiser_type, properties.url, properties.images, properties.thumbnail_url, properties.images_downloaded, properties.features, properties.amenities, properties.owner_phone, properties.is_active, properties.posted_at, properties.scraped_at, properties.updated_at, properties.created_at 
FROM properties 
WHERE properties.divar_id = $1::VARCHAR]
[parameters: ('gaTwfZbC',)]
(Background on this error at: https://sqlalche.me/e/20/f405)
2026-06-15 13:27:44 | INFO     | app.scraper.divar_scraper:scrape_property_detail:376 - Scraping property detail: https://divar.ir/v/%D8%A2%D9%BE%D8%A7%D8%B1%D8%AA%D9%85%D8%A7%D9%8680%D9%85%D8%AA%D8%B1%D8%A7%D9%86%D8%AF%DB%8C%D8%B4%D9%87-%D8%A7%D9%85%D9%84%D8%A7%DA%A9-%D8%AA%D8%AC%D8%A7%D8%B1%D8%AA/gaTwfZbC?tracker_session_id=8246cba5-0dc5-4c12-966b-fe39cfb240ce_gaTwfZbC_N
2026-06-15 13:27:44 | DEBUG    | app.main:log_requests:142 - GET /api/scraper/jobs - 200 - 0.087s
2026-06-15 13:27:44 | DEBUG    | app.main:log_requests:142 - GET /api/stats/dashboard - 200 - 0.101s
2026-06-15 13:27:44 | DEBUG    | app.main:log_requests:142 - GET /api/stats/health - 200 - 0.118s
2026-06-15 13:27:45 | DEBUG    | app.main:log_requests:142 - GET /api/scraper/otp-pending - 200 - 0.121s
2026-06-15 13:27:49 | DEBUG    | app.main:log_requests:142 - GET /api/scraper/otp-pending - 200 - 0.117s
2026-06-15 13:27:49 | DEBUG    | app.main:log_requests:142 - GET /api/scraper/jobs - 200 - 0.130s
2026-06-15 13:27:53 | DEBUG    | app.main:log_requests:142 - GET /api/scraper/otp-pending - 200 - 0.051s
2026-06-15 13:27:54 | DEBUG    | app.main:log_requests:142 - GET /api/scraper/jobs - 200 - 0.063s
2026-06-15 13:27:57 | DEBUG    | app.main:log_requests:142 - GET /api/scraper/otp-pending - 200 - 0.081s
2026-06-15 13:27:58 | INFO     | app.scraper.divar_scraper:_click_show_all_details:991 - No 'Show all details' button found (content may already be expanded)
2026-06-15 13:27:59 | INFO     | app.scraper.divar_scraper:scrape_property_detail:444 - [desc-debug] DIV.kt-base-row.kt-base-row--large.kt-description-row.kt-description-row--padded => موردی برای نمایش وجود ندارد
2026-06-15 13:27:59 | INFO     | app.scraper.divar_scraper:scrape_property_detail:444 - [desc-debug] P.kt-description-row__text => موردی برای نمایش وجود ندارد
2026-06-15 13:27:59 | INFO     | app.scraper.divar_scraper:scrape_property_detail:444 - [desc-debug] DIV.kt-base-row.kt-base-row--large.kt-description-row => انتشار آگهی: ۴ خرداد ۱۴۰۵، ۱۱:۰۸
آخرین نردبان: ۲۵ خرداد ۱۴۰۵، ۱۶:۴۶
2026-06-15 13:27:59 | INFO     | app.scraper.divar_scraper:scrape_property_detail:444 - [desc-debug] P.kt-description-row__text.kt-description-row__text--primary.kt-description-row__text--small => انتشار آگهی: ۴ خرداد ۱۴۰۵، ۱۱:۰۸
آخرین نردبان: ۲۵ خرداد ۱۴۰۵، ۱۶:۴۶
2026-06-15 13:27:59 | INFO     | app.scraper.divar_scraper:scrape_property_detail:444 - [desc-debug] DIV.kt-base-row.kt-base-row--large.kt-description-row => >>>بِسم الله الرَّحمن الرَّحیم<<<



✨️کد آگهی:2220
✨️موقعیت:واصل
✨️وضعیت سند:آز
2026-06-15 13:27:59 | INFO     | app.scraper.divar_scraper:scrape_property_detail:444 - [desc-debug] P.kt-description-row__text.kt-description-row__text--primary => >>>بِسم الله الرَّحمن الرَّحیم<<<



✨️کد آگهی:2220
✨️موقعیت:واصل
✨️وضعیت سند:آز
2026-06-15 13:27:59 | INFO     | app.scraper.divar_scraper:scrape_property_detail:444 - [desc-debug] DIV.kt-base-row.kt-base-row--large.kt-description-row.kt-description-row--padded => 
2026-06-15 13:27:59 | INFO     | app.scraper.divar_scraper:scrape_property_detail:444 - [desc-debug] P.kt-description-row__text.kt-description-row__text--primary => 
2026-06-15 13:27:59 | INFO     | app.scraper.divar_scraper:scrape_property_detail:444 - [desc-debug] DIV.kt-base-row.kt-base-row--large.kt-description-row.kt-description-row--padded => 
2026-06-15 13:27:59 | INFO     | app.scraper.divar_scraper:scrape_property_detail:444 - [desc-debug] P.kt-description-row__text.kt-description-row__text--primary => 
2026-06-15 13:27:59 | INFO     | app.scraper.divar_scraper:scrape_property_detail:444 - [desc-debug] DIV.kt-base-row.kt-base-row--large.kt-description-row => 
2026-06-15 13:27:59 | INFO     | app.scraper.divar_scraper:scrape_property_detail:444 - [desc-debug] P.kt-description-row__text.kt-description-row__text--primary => 
2026-06-15 13:27:59 | INFO     | app.scraper.divar_scraper:scrape_property_detail:444 - [desc-debug] DIV.kt-base-row.kt-base-row--large.kt-description-row.kt-description-row--padded => 
2026-06-15 13:27:59 | INFO     | app.scraper.divar_scraper:scrape_property_detail:444 - [desc-debug] P.kt-description-row__text.kt-description-row__text--primary => 
2026-06-15 13:27:59 | INFO     | app.scraper.divar_scraper:scrape_property_detail:444 - [desc-debug] DIV.kt-base-row.kt-base-row--large.kt-description-row.kt-description-row--padded => 
2026-06-15 13:27:59 | INFO     | app.scraper.divar_scraper:scrape_property_detail:444 - [desc-debug] P.description-a64e0.kt-description-row__text.kt-description-row__text--primary => 
2026-06-15 13:27:59 | INFO     | app.scraper.divar_scraper:scrape_property_detail:444 - [desc-debug] DIV.kt-base-row.kt-base-row--large.kt-description-row.kt-description-row--padded => 
2026-06-15 13:27:59 | INFO     | app.scraper.divar_scraper:scrape_property_detail:444 - [desc-debug] P.description-a64e0.kt-description-row__text.kt-description-row__text--primary => 
2026-06-15 13:27:59 | INFO     | app.scraper.divar_scraper:scrape_property_detail:444 - [desc-debug] DIV.kt-base-row.kt-base-row--large.kt-description-row.kt-description-row--padded => 
2026-06-15 13:27:59 | INFO     | app.scraper.divar_scraper:scrape_property_detail:444 - [desc-debug] P.description-a64e0.kt-description-row__text.kt-description-row__text--primary => 
2026-06-15 13:27:59 | INFO     | app.scraper.divar_scraper:scrape_property_detail:469 - Description extracted (569 chars)
2026-06-15 13:27:59 | DEBUG    | app.main:log_requests:142 - GET /api/scraper/jobs - 200 - 0.076s
2026-06-15 13:28:01 | INFO     | app.scraper.contact_extractor:get_phone_number:67 - Found visible contact button with selector: .post-actions__get-contact
2026-06-15 13:28:01 | DEBUG    | app.main:log_requests:142 - GET /api/scraper/otp-pending - 200 - 0.077s
2026-06-15 13:28:02 | INFO     | app.scraper.contact_extractor:get_phone_number:83 - Contact button clicked successfully
2026-06-15 13:28:04 | DEBUG    | app.main:log_requests:142 - GET /api/scraper/jobs - 200 - 0.088s
2026-06-15 13:28:05 | DEBUG    | app.main:log_requests:142 - GET /api/scraper/otp-pending - 200 - 0.108s
2026-06-15 13:28:06 | DEBUG    | app.main:log_requests:142 - GET /health - 200 - 0.001s
2026-06-15 13:28:09 | DEBUG    | app.main:log_requests:142 - GET /api/scraper/otp-pending - 200 - 0.090s
2026-06-15 13:28:09 | DEBUG    | app.main:log_requests:142 - GET /api/scraper/jobs - 200 - 0.101s
2026-06-15 13:28:11 | INFO     | app.scraper.contact_extractor:_handle_sms_otp_if_present:258 - No SMS-OTP modal detected, continuing normally
2026-06-15 13:28:11 | INFO     | app.scraper.contact_extractor:get_phone_number:146 - Phone number link found in page content
2026-06-15 13:28:12 | INFO     | app.scraper.contact_extractor:get_phone_number:186 - Found phone element with selector: a[href^="tel:"]
2026-06-15 13:28:12 | INFO     | app.scraper.contact_extractor:get_phone_number:193 - Raw phone text: 09147694590
2026-06-15 13:28:12 | DEBUG    | app.scraper.divar_scraper:download_images:1291 - Downloaded image: img_1.webp
2026-06-15 13:28:13 | DEBUG    | app.scraper.divar_scraper:download_images:1291 - Downloaded image: img_2.webp
2026-06-15 13:28:13 | DEBUG    | app.main:log_requests:142 - GET /api/scraper/otp-pending - 200 - 0.053s
2026-06-15 13:28:13 | DEBUG    | app.scraper.divar_scraper:download_images:1291 - Downloaded image: img_3.webp
2026-06-15 13:28:14 | ERROR    | app.scraper.divar_scraper:save_property:1377 - Failed to save property: (sqlalchemy.dialects.postgresql.asyncpg.Error) <class 'asyncpg.exceptions.InFailedSQLTransactionError'>: current transaction is aborted, commands ignored until end of transaction block
[SQL: SELECT properties.id, properties.tag_number, properties.divar_id, properties.title, properties.description, properties.price, properties.price_per_meter, properties.total_price, properties.rent_price, properties.deposit, properties.area, properties.land_area, properties.built_area, properties.rooms, properties.year_built, properties.floor, properties.total_floors, properties.has_elevator, properties.has_parking, properties.has_storage, properties.has_balcony, properties.has_images, properties.building_direction, properties.frontage, properties.unit_status, properties.document_type, properties.usage_type, properties.building_age, properties.city_id, properties.city_name, properties.district, properties.neighborhood, properties.address, properties.latitude, properties.longitude, properties.category_id, properties.category_name, properties.property_type, properties.listing_type, properties.phone_number, properties.seller_name, properties.advertiser_type, properties.url, properties.images, properties.thumbnail_url, properties.images_downloaded, properties.features, properties.amenities, properties.owner_phone, properties.is_active, properties.posted_at, properties.scraped_at, properties.updated_at, properties.created_at 
FROM properties 
WHERE properties.divar_id = $1::VARCHAR]
[parameters: ('gaTwfZbC',)]
(Background on this error at: https://sqlalche.me/e/20/dbapi)
2026-06-15 13:28:14 | DEBUG    | app.main:log_requests:142 - GET /api/scraper/jobs - 200 - 0.065s
2026-06-15 13:28:15 | ERROR    | app.scraper.divar_scraper:property_exists:1310 - Failed to check property existence: (sqlalchemy.dialects.postgresql.asyncpg.ProgrammingError) <class 'asyncpg.exceptions.UndefinedColumnError'>: column properties.advertiser_type does not exist
[SQL: SELECT properties.id, properties.tag_number, properties.divar_id, properties.title, properties.description, properties.price, properties.price_per_meter, properties.total_price, properties.rent_price, properties.deposit, properties.area, properties.land_area, properties.built_area, properties.rooms, properties.year_built, properties.floor, properties.total_floors, properties.has_elevator, properties.has_parking, properties.has_storage, properties.has_balcony, properties.has_images, properties.building_direction, properties.frontage, properties.unit_status, properties.document_type, properties.usage_type, properties.building_age, properties.city_id, properties.city_name, properties.district, properties.neighborhood, properties.address, properties.latitude, properties.longitude, properties.category_id, properties.category_name, properties.property_type, properties.listing_type, properties.phone_number, properties.seller_name, properties.advertiser_type, properties.url, properties.images, properties.thumbnail_url, properties.images_downloaded, properties.features, properties.amenities, properties.owner_phone, properties.is_active, properties.posted_at, properties.scraped_at, properties.updated_at, properties.created_at 
FROM properties 
WHERE properties.divar_id = $1::VARCHAR]
[parameters: ('gaJA994B',)]
(Background on this error at: https://sqlalche.me/e/20/f405)
2026-06-15 13:28:15 | INFO     | app.scraper.divar_scraper:scrape_property_detail:376 - Scraping property detail: https://divar.ir/v/%D8%A2%D9%BE%D8%A7%D8%B1%D8%AA%D9%85%D8%A7%D9%8655%D9%85%D8%AA%D8%B1%D8%A7%D9%86%D8%AF%DB%8C%D8%B4%D9%87-%D8%A7%D9%85%D9%84%D8%A7%DA%A9-%D8%AA%D8%AC%D8%A7%D8%B1%D8%AA/gaJA994B?tracker_session_id=8246cba5-0dc5-4c12-966b-fe39cfb240ce_gaJA994B_N
2026-06-15 13:28:17 | DEBUG    | app.main:log_requests:142 - GET /api/scraper/otp-pending - 200 - 0.111s
2026-06-15 13:28:19 | DEBUG    | app.main:log_requests:142 - GET /api/scraper/jobs - 200 - 0.075s
2026-06-15 13:28:21 | DEBUG    | app.main:log_requests:142 - GET /api/scraper/otp-pending - 200 - 0.067s
2026-06-15 13:28:24 | DEBUG    | app.main:log_requests:142 - GET /api/scraper/jobs - 200 - 0.074s
2026-06-15 13:28:25 | DEBUG    | app.main:log_requests:142 - GET /api/scraper/otp-pending - 200 - 0.224s
2026-06-15 13:28:29 | DEBUG    | app.main:log_requests:142 - GET /api/scraper/otp-pending - 200 - 0.109s
2026-06-15 13:28:29 | DEBUG    | app.main:log_requests:142 - GET /api/scraper/jobs - 200 - 0.118s
2026-06-15 13:28:30 | INFO     | app.scraper.divar_scraper:_click_show_all_details:991 - No 'Show all details' button found (content may already be expanded)
2026-06-15 13:28:30 | INFO     | app.scraper.divar_scraper:scrape_property_detail:444 - [desc-debug] DIV.kt-base-row.kt-base-row--large.kt-description-row.kt-description-row--padded => موردی برای نمایش وجود ندارد
2026-06-15 13:28:30 | INFO     | app.scraper.divar_scraper:scrape_property_detail:444 - [desc-debug] P.kt-description-row__text => موردی برای نمایش وجود ندارد
2026-06-15 13:28:30 | INFO     | app.scraper.divar_scraper:scrape_property_detail:444 - [desc-debug] DIV.kt-base-row.kt-base-row--large.kt-description-row => انتشار آگهی: ۲۷ اردیبهشت ۱۴۰۵، ۱۸:۰۰
آخرین نردبان: ۲۵ خرداد ۱۴۰۵، ۱۶:۴۶
2026-06-15 13:28:30 | INFO     | app.scraper.divar_scraper:scrape_property_detail:444 - [desc-debug] P.kt-description-row__text.kt-description-row__text--primary.kt-description-row__text--small => انتشار آگهی: ۲۷ اردیبهشت ۱۴۰۵، ۱۸:۰۰
آخرین نردبان: ۲۵ خرداد ۱۴۰۵، ۱۶:۴۶
2026-06-15 13:28:30 | INFO     | app.scraper.divar_scraper:scrape_property_detail:444 - [desc-debug] DIV.kt-base-row.kt-base-row--large.kt-description-row => >>>بِسم الله الرَّحمن الرَّحیم<<<



✨️کد آگهی:2210
✨️موقعیت:نظام مهندسی
✨️وضعیت
2026-06-15 13:28:30 | INFO     | app.scraper.divar_scraper:scrape_property_detail:444 - [desc-debug] P.kt-description-row__text.kt-description-row__text--primary => >>>بِسم الله الرَّحمن الرَّحیم<<<



✨️کد آگهی:2210
✨️موقعیت:نظام مهندسی
✨️وضعیت
2026-06-15 13:28:30 | INFO     | app.scraper.divar_scraper:scrape_property_detail:444 - [desc-debug] DIV.kt-base-row.kt-base-row--large.kt-description-row.kt-description-row--padded => 
2026-06-15 13:28:30 | INFO     | app.scraper.divar_scraper:scrape_property_detail:444 - [desc-debug] P.kt-description-row__text.kt-description-row__text--primary => 
2026-06-15 13:28:30 | INFO     | app.scraper.divar_scraper:scrape_property_detail:444 - [desc-debug] DIV.kt-base-row.kt-base-row--large.kt-description-row.kt-description-row--padded => 
2026-06-15 13:28:30 | INFO     | app.scraper.divar_scraper:scrape_property_detail:444 - [desc-debug] P.kt-description-row__text.kt-description-row__text--primary => 
2026-06-15 13:28:30 | INFO     | app.scraper.divar_scraper:scrape_property_detail:444 - [desc-debug] DIV.kt-base-row.kt-base-row--large.kt-description-row => 
2026-06-15 13:28:30 | INFO     | app.scraper.divar_scraper:scrape_property_detail:444 - [desc-debug] P.kt-description-row__text.kt-description-row__text--primary => 
2026-06-15 13:28:30 | INFO     | app.scraper.divar_scraper:scrape_property_detail:444 - [desc-debug] DIV.kt-base-row.kt-base-row--large.kt-description-row.kt-description-row--padded => 
2026-06-15 13:28:30 | INFO     | app.scraper.divar_scraper:scrape_property_detail:444 - [desc-debug] P.kt-description-row__text.kt-description-row__text--primary => 
2026-06-15 13:28:30 | INFO     | app.scraper.divar_scraper:scrape_property_detail:444 - [desc-debug] DIV.kt-base-row.kt-base-row--large.kt-description-row.kt-description-row--padded => 
2026-06-15 13:28:30 | INFO     | app.scraper.divar_scraper:scrape_property_detail:444 - [desc-debug] P.description-a64e0.kt-description-row__text.kt-description-row__text--primary => 
2026-06-15 13:28:30 | INFO     | app.scraper.divar_scraper:scrape_property_detail:444 - [desc-debug] DIV.kt-base-row.kt-base-row--large.kt-description-row.kt-description-row--padded => 
2026-06-15 13:28:30 | INFO     | app.scraper.divar_scraper:scrape_property_detail:444 - [desc-debug] P.description-a64e0.kt-description-row__text.kt-description-row__text--primary => 
2026-06-15 13:28:30 | INFO     | app.scraper.divar_scraper:scrape_property_detail:444 - [desc-debug] DIV.kt-base-row.kt-base-row--large.kt-description-row.kt-description-row--padded => 
2026-06-15 13:28:30 | INFO     | app.scraper.divar_scraper:scrape_property_detail:444 - [desc-debug] P.description-a64e0.kt-description-row__text.kt-description-row__text--primary => 
2026-06-15 13:28:30 | INFO     | app.scraper.divar_scraper:scrape_property_detail:469 - Description extracted (579 chars)
2026-06-15 13:28:32 | INFO     | app.scraper.contact_extractor:get_phone_number:67 - Found visible contact button with selector: .post-actions__get-contact
2026-06-15 13:28:33 | DEBUG    | app.main:log_requests:142 - GET /api/scraper/otp-pending - 200 - 0.083s
2026-06-15 13:28:34 | INFO     | app.scraper.contact_extractor:get_phone_number:83 - Contact button clicked successfully
2026-06-15 13:28:34 | DEBUG    | app.main:log_requests:142 - GET /api/scraper/jobs - 200 - 0.100s
2026-06-15 13:28:37 | DEBUG    | app.main:log_requests:142 - GET /health - 200 - 0.001s
2026-06-15 13:28:37 | DEBUG    | app.main:log_requests:142 - GET /api/scraper/otp-pending - 200 - 0.069s
2026-06-15 13:28:39 | DEBUG    | app.main:log_requests:142 - GET /api/scraper/jobs - 200 - 0.079s
2026-06-15 13:28:41 | DEBUG    | app.main:log_requests:142 - GET /api/scraper/otp-pending - 200 - 0.067s
2026-06-15 13:28:42 | INFO     | app.scraper.contact_extractor:_handle_sms_otp_if_present:258 - No SMS-OTP modal detected, continuing normally
2026-06-15 13:28:43 | INFO     | app.scraper.contact_extractor:get_phone_number:146 - Phone number link found in page content
2026-06-15 13:28:43 | INFO     | app.scraper.contact_extractor:get_phone_number:186 - Found phone element with selector: a[href^="tel:"]
2026-06-15 13:28:43 | INFO     | app.scraper.contact_extractor:get_phone_number:193 - Raw phone text: 09147694590
2026-06-15 13:28:44 | DEBUG    | app.scraper.divar_scraper:download_images:1291 - Downloaded image: img_1.webp
2026-06-15 13:28:44 | DEBUG    | app.main:log_requests:142 - GET /api/scraper/jobs - 200 - 0.067s
2026-06-15 13:28:44 | DEBUG    | app.main:log_requests:142 - GET /api/stats/health - 200 - 0.115s
2026-06-15 13:28:44 | DEBUG    | app.main:log_requests:142 - GET /api/stats/dashboard - 200 - 0.157s
2026-06-15 13:28:45 | DEBUG    | app.scraper.divar_scraper:download_images:1291 - Downloaded image: img_2.webp
2026-06-15 13:28:45 | DEBUG    | app.main:log_requests:142 - GET /api/scraper/otp-pending - 200 - 0.093s
2026-06-15 13:28:45 | DEBUG    | app.scraper.divar_scraper:download_images:1291 - Downloaded image: img_3.webp
2026-06-15 13:28:46 | ERROR    | app.scraper.divar_scraper:save_property:1377 - Failed to save property: (sqlalchemy.dialects.postgresql.asyncpg.Error) <class 'asyncpg.exceptions.InFailedSQLTransactionError'>: current transaction is aborted, commands ignored until end of transaction block
[SQL: SELECT properties.id, properties.tag_number, properties.divar_id, properties.title, properties.description, properties.price, properties.price_per_meter, properties.total_price, properties.rent_price, properties.deposit, properties.area, properties.land_area, properties.built_area, properties.rooms, properties.year_built, properties.floor, properties.total_floors, properties.has_elevator, properties.has_parking, properties.has_storage, properties.has_balcony, properties.has_images, properties.building_direction, properties.frontage, properties.unit_status, properties.document_type, properties.usage_type, properties.building_age, properties.city_id, properties.city_name, properties.district, properties.neighborhood, properties.address, properties.latitude, properties.longitude, properties.category_id, properties.category_name, properties.property_type, properties.listing_type, properties.phone_number, properties.seller_name, properties.advertiser_type, properties.url, properties.images, properties.thumbnail_url, properties.images_downloaded, properties.features, properties.amenities, properties.owner_phone, properties.is_active, properties.posted_at, properties.scraped_at, properties.updated_at, properties.created_at 
FROM properties 
WHERE properties.divar_id = $1::VARCHAR]
[parameters: ('gaJA994B',)]
(Background on this error at: https://sqlalche.me/e/20/dbapi)
2026-06-15 13:28:47 | INFO     | app.scraper.divar_scraper:start_scraping_job:1620 - Scraping job completed. New: 0, Updated: 0, Failed: 10
2026-06-15 13:28:48 | INFO     | app.scraper.divar_scraper:close:171 - Scraper closed successfully
2026-06-15 13:28:49 | DEBUG    | app.main:log_requests:142 - GET /api/scraper/otp-pending - 200 - 0.114s
2026-06-15 13:28:49 | DEBUG    | app.main:log_requests:142 - GET /api/scraper/jobs - 200 - 0.128s
2026-06-15 13:28:49 | ERROR    | app.main:internal_error_handler:243 - Internal error: (sqlalchemy.dialects.postgresql.asyncpg.ProgrammingError) <class 'asyncpg.exceptions.UndefinedColumnError'>: column properties.advertiser_type does not exist
[SQL: SELECT count(*) AS count_1 
FROM (SELECT properties.id AS id, properties.tag_number AS tag_number, properties.divar_id AS divar_id, properties.title AS title, properties.description AS description, properties.price AS price, properties.price_per_meter AS price_per_meter, properties.total_price AS total_price, properties.rent_price AS rent_price, properties.deposit AS deposit, properties.area AS area, properties.land_area AS land_area, properties.built_area AS built_area, properties.rooms AS rooms, properties.year_built AS year_built, properties.floor AS floor, properties.total_floors AS total_floors, properties.has_elevator AS has_elevator, properties.has_parking AS has_parking, properties.has_storage AS has_storage, properties.has_balcony AS has_balcony, properties.has_images AS has_images, properties.building_direction AS building_direction, properties.frontage AS frontage, properties.unit_status AS unit_status, properties.document_type AS document_type, properties.usage_type AS usage_type, properties.building_age AS building_age, properties.city_id AS city_id, properties.city_name AS city_name, properties.district AS district, properties.neighborhood AS neighborhood, properties.address AS address, properties.latitude AS latitude, properties.longitude AS longitude, properties.category_id AS category_id, properties.category_name AS category_name, properties.property_type AS property_type, properties.listing_type AS listing_type, properties.phone_number AS phone_number, properties.seller_name AS seller_name, properties.advertiser_type AS advertiser_type, properties.url AS url, properties.images AS images, properties.thumbnail_url AS thumbnail_url, properties.images_downloaded AS images_downloaded, properties.features AS features, properties.amenities AS amenities, properties.owner_phone AS owner_phone, properties.is_active AS is_active, properties.posted_at AS posted_at, properties.scraped_at AS scraped_at, properties.updated_at AS updated_at, properties.created_at AS created_at 
FROM properties 
WHERE properties.is_active = true) AS anon_1]
(Background on this error at: https://sqlalche.me/e/20/f405)
2026-06-15 13:28:53 | DEBUG    | app.main:log_requests:142 - GET /api/scraper/otp-pending - 200 - 0.105s
2026-06-15 13:28:54 | DEBUG    | app.main:log_requests:142 - GET /api/scraper/jobs - 200 - 0.110s
2026-06-15 13:28:57 | DEBUG    | app.main:log_requests:142 - GET /api/scraper/otp-pending - 200 - 0.063s
2026-06-15 13:28:59 | DEBUG    | app.main:log_requests:142 - GET /api/scraper/jobs - 200 - 0.057s
2026-06-15 13:29:01 | DEBUG    | app.main:log_requests:142 - GET /api/scraper/otp-pending - 200 - 0.067s
2026-06-15 13:29:04 | DEBUG    | app.main:log_requests:142 - GET /api/scraper/jobs - 200 - 0.093s
2026-06-15 13:29:05 | DEBUG    | app.main:log_requests:142 - GET /api/scraper/otp-pending - 200 - 0.088s
2026-06-15 13:29:07 | DEBUG    | app.main:log_requests:142 - GET /health - 200 - 0.002s
2026-06-15 13:29:09 | DEBUG    | app.main:log_requests:142 - GET /api/scraper/otp-pending - 200 - 0.084s
2026-06-15 13:29:09 | DEBUG    | app.main:log_requests:142 - GET /api/scraper/jobs - 200 - 0.089s
2026-06-15 13:29:13 | DEBUG    | app.main:log_requests:142 - GET /api/scraper/otp-pending - 200 - 0.063s
2026-06-15 13:29:14 | DEBUG    | app.main:log_requests:142 - GET /api/scraper/jobs - 200 - 0.074s
2026-06-15 13:29:17 | DEBUG    | app.main:log_requests:142 - GET /api/scraper/otp-pending - 200 - 0.066s
2026-06-15 13:29:19 | DEBUG    | app.main:log_requests:142 - GET /api/scraper/jobs - 200 - 0.097s
2026-06-15 13:29:21 | DEBUG    | app.main:log_requests:142 - GET /api/scraper/otp-pending - 200 - 0.055s
2026-06-15 13:29:24 | DEBUG    | app.main:log_requests:142 - GET /api/scraper/jobs - 200 - 0.060s
2026-06-15 13:29:25 | DEBUG    | app.main:log_requests:142 - GET /api/scraper/otp-pending - 200 - 0.080s
2026-06-15 13:29:29 | DEBUG    | app.main:log_requests:142 - GET /api/scraper/otp-pending - 200 - 0.085s
2026-06-15 13:29:29 | DEBUG    | app.main:log_requests:142 - GET /api/scraper/jobs - 200 - 0.094s
2026-06-15 13:29:33 | DEBUG    | app.main:log_requests:142 - GET /api/scraper/otp-pending - 200 - 0.076s
2026-06-15 13:29:34 | DEBUG    | app.main:log_requests:142 - GET /api/scraper/jobs - 200 - 0.090s
2026-06-15 13:29:37 | DEBUG    | app.main:log_requests:142 - GET /health - 200 - 0.001s
2026-06-15 13:29:37 | DEBUG    | app.main:log_requests:142 - GET /api/scraper/otp-pending - 200 - 0.073s
2026-06-15 13:29:39 | DEBUG    | app.main:log_requests:142 - GET /api/scraper/jobs - 200 - 0.070s
2026-06-15 13:29:41 | DEBUG    | app.main:log_requests:142 - GET /api/scraper/otp-pending - 200 - 0.063s
2026-06-15 13:29:43 | ERROR    | app.main:internal_error_handler:243 - Internal error: (sqlalchemy.dialects.postgresql.asyncpg.ProgrammingError) <class 'asyncpg.exceptions.UndefinedColumnError'>: column properties.advertiser_type does not exist
[SQL: SELECT count(*) AS count_1 
FROM (SELECT properties.id AS id, properties.tag_number AS tag_number, properties.divar_id AS divar_id, properties.title AS title, properties.description AS description, properties.price AS price, properties.price_per_meter AS price_per_meter, properties.total_price AS total_price, properties.rent_price AS rent_price, properties.deposit AS deposit, properties.area AS area, properties.land_area AS land_area, properties.built_area AS built_area, properties.rooms AS rooms, properties.year_built AS year_built, properties.floor AS floor, properties.total_floors AS total_floors, properties.has_elevator AS has_elevator, properties.has_parking AS has_parking, properties.has_storage AS has_storage, properties.has_balcony AS has_balcony, properties.has_images AS has_images, properties.building_direction AS building_direction, properties.frontage AS frontage, properties.unit_status AS unit_status, properties.document_type AS document_type, properties.usage_type AS usage_type, properties.building_age AS building_age, properties.city_id AS city_id, properties.city_name AS city_name, properties.district AS district, properties.neighborhood AS neighborhood, properties.address AS address, properties.latitude AS latitude, properties.longitude AS longitude, properties.category_id AS category_id, properties.category_name AS category_name, properties.property_type AS property_type, properties.listing_type AS listing_type, properties.phone_number AS phone_number, properties.seller_name AS seller_name, properties.advertiser_type AS advertiser_type, properties.url AS url, properties.images AS images, properties.thumbnail_url AS thumbnail_url, properties.images_downloaded AS images_downloaded, properties.features AS features, properties.amenities AS amenities, properties.owner_phone AS owner_phone, properties.is_active AS is_active, properties.posted_at AS posted_at, properties.scraped_at AS scraped_at, properties.updated_at AS updated_at, properties.created_at AS created_at 
FROM properties 
WHERE properties.is_active = true) AS anon_1]
(Background on this error at: https://sqlalche.me/e/20/f405)
2026-06-15 13:29:44 | DEBUG    | app.main:log_requests:142 - GET /api/stats/dashboard - 200 - 0.098s
2026-06-15 13:29:44 | DEBUG    | app.main:log_requests:142 - GET /api/stats/health - 200 - 0.107s
2026-06-15 13:30:07 | DEBUG    | app.main:log_requests:142 - GET /health - 200 - 0.003s
2026-06-15 13:30:37 | DEBUG    | app.main:log_requests:142 - GET /health - 200 - 0.001s
2026-06-15 13:30:44 | DEBUG    | app.main:log_requests:142 - GET /api/stats/health - 200 - 0.126s
2026-06-15 13:30:44 | DEBUG    | app.main:log_requests:142 - GET /api/stats/dashboard - 200 - 0.158s
2026-06-15 13:31:07 | DEBUG    | app.main:log_requests:142 - GET /health - 200 - 0.001s
2026-06-15 13:31:37 | DEBUG    | app.main:log_requests:142 - GET /health - 200 - 0.001s
2026-06-15 13:31:44 | DEBUG    | app.main:log_requests:142 - GET /api/stats/dashboard - 200 - 0.132s
2026-06-15 13:31:44 | DEBUG    | app.main:log_requests:142 - GET /api/auth/cookies - 200 - 0.136s
2026-06-15 13:31:44 | DEBUG    | app.main:log_requests:142 - GET /api/stats/health - 200 - 0.153s
2026-06-15 13:32:07 | DEBUG    | app.main:log_requests:142 - GET /health - 200 - 0.001s
2026-06-15 13:32:37 | DEBUG    | app.main:log_requests:142 - GET /health - 200 - 0.001s
2026-06-15 13:32:44 | DEBUG    | app.main:log_requests:142 - GET /api/stats/health - 200 - 0.094s
2026-06-15 13:32:44 | DEBUG    | app.main:log_requests:142 - GET /api/stats/dashboard - 200 - 0.126s
